Analysis & Synthesis report for Voleibol
Sat Jun 03 00:31:56 2017
Quartus Prime Version 15.1.1 Build 189 12/02/2015 SJ Lite Edition


---------------------
; Table of Contents ;
---------------------
  1. Legal Notice
  2. Analysis & Synthesis Summary
  3. Analysis & Synthesis Settings
  4. Parallel Compilation
  5. Analysis & Synthesis Source Files Read
  6. Analysis & Synthesis Resource Usage Summary
  7. Analysis & Synthesis Resource Utilization by Entity
  8. State Machine - |Voleibol|StateMachine:inst|s_currentState
  9. State Machine - |Voleibol|lcd_tl:inst2|lcd_controller:ca|state
 10. Registers Protected by Synthesis
 11. User-Specified and Inferred Latches
 12. Registers Removed During Synthesis
 13. General Register Statistics
 14. Inverted Register Statistics
 15. Multiplexer Restructuring Statistics (Restructuring Performed)
 16. Source assignments for lcd_tl:inst2|lcd_controller:ca
 17. Parameter Settings for User Entity Instance: lcd_tl:inst2|lcd_controller:ca
 18. Parameter Settings for User Entity Instance: debouncer:inst22
 19. Parameter Settings for User Entity Instance: debouncer:inst23
 20. Parameter Settings for User Entity Instance: debouncer:inst24
 21. Parameter Settings for User Entity Instance: debouncer:inst25
 22. Parameter Settings for Inferred Entity Instance: BCDconvert:inst15|lpm_divide:Mod0
 23. Parameter Settings for Inferred Entity Instance: BCDconvert:inst15|lpm_divide:Div0
 24. Parameter Settings for Inferred Entity Instance: BCDconvert:inst16|lpm_divide:Mod0
 25. Parameter Settings for Inferred Entity Instance: BCDconvert:inst16|lpm_divide:Div0
 26. Port Connectivity Checks: "lcd_tl:inst2|lcd_controller:ca"
 27. Post-Synthesis Netlist Statistics for Top Partition
 28. Elapsed Time Per Partition
 29. Analysis & Synthesis Messages



----------------
; Legal Notice ;
----------------
Copyright (C) 1991-2015 Altera Corporation. All rights reserved.
Your use of Altera Corporation's design tools, logic functions 
and other software and tools, and its AMPP partner logic 
functions, and any output files from any of the foregoing 
(including device programming or simulation files), and any 
associated documentation or information are expressly subject 
to the terms and conditions of the Altera Program License 
Subscription Agreement, the Altera Quartus Prime License Agreement,
the Altera MegaCore Function License Agreement, or other 
applicable license agreement, including, without limitation, 
that your use is for the sole purpose of programming logic 
devices manufactured by Altera and sold by Altera or its 
authorized distributors.  Please refer to the applicable 
agreement for further details.



+----------------------------------------------------------------------------------+
; Analysis & Synthesis Summary                                                     ;
+------------------------------------+---------------------------------------------+
; Analysis & Synthesis Status        ; Successful - Sat Jun 03 00:31:56 2017       ;
; Quartus Prime Version              ; 15.1.1 Build 189 12/02/2015 SJ Lite Edition ;
; Revision Name                      ; Voleibol                                    ;
; Top-level Entity Name              ; Voleibol                                    ;
; Family                             ; Cyclone IV E                                ;
; Total logic elements               ; 770                                         ;
;     Total combinational functions  ; 768                                         ;
;     Dedicated logic registers      ; 279                                         ;
; Total registers                    ; 279                                         ;
; Total pins                         ; 80                                          ;
; Total virtual pins                 ; 0                                           ;
; Total memory bits                  ; 0                                           ;
; Embedded Multiplier 9-bit elements ; 0                                           ;
; Total PLLs                         ; 0                                           ;
+------------------------------------+---------------------------------------------+


+----------------------------------------------------------------------------------------------------------------------+
; Analysis & Synthesis Settings                                                                                        ;
+----------------------------------------------------------------------------+--------------------+--------------------+
; Option                                                                     ; Setting            ; Default Value      ;
+----------------------------------------------------------------------------+--------------------+--------------------+
; Device                                                                     ; EP4CE115F29C7      ;                    ;
; Top-level entity name                                                      ; Voleibol           ; Voleibol           ;
; Family name                                                                ; Cyclone IV E       ; Cyclone V          ;
; Use smart compilation                                                      ; Off                ; Off                ;
; Enable parallel Assembler and TimeQuest Timing Analyzer during compilation ; On                 ; On                 ;
; Enable compact report table                                                ; Off                ; Off                ;
; Restructure Multiplexers                                                   ; Auto               ; Auto               ;
; Create Debugging Nodes for IP Cores                                        ; Off                ; Off                ;
; Preserve fewer node names                                                  ; On                 ; On                 ;
; Disable OpenCore Plus hardware evaluation                                  ; Off                ; Off                ;
; Verilog Version                                                            ; Verilog_2001       ; Verilog_2001       ;
; VHDL Version                                                               ; VHDL_1993          ; VHDL_1993          ;
; State Machine Processing                                                   ; Auto               ; Auto               ;
; Safe State Machine                                                         ; Off                ; Off                ;
; Extract Verilog State Machines                                             ; On                 ; On                 ;
; Extract VHDL State Machines                                                ; On                 ; On                 ;
; Ignore Verilog initial constructs                                          ; Off                ; Off                ;
; Iteration limit for constant Verilog loops                                 ; 5000               ; 5000               ;
; Iteration limit for non-constant Verilog loops                             ; 250                ; 250                ;
; Add Pass-Through Logic to Inferred RAMs                                    ; On                 ; On                 ;
; Infer RAMs from Raw Logic                                                  ; On                 ; On                 ;
; Parallel Synthesis                                                         ; On                 ; On                 ;
; DSP Block Balancing                                                        ; Auto               ; Auto               ;
; NOT Gate Push-Back                                                         ; On                 ; On                 ;
; Power-Up Don't Care                                                        ; On                 ; On                 ;
; Remove Redundant Logic Cells                                               ; Off                ; Off                ;
; Remove Duplicate Registers                                                 ; On                 ; On                 ;
; Ignore CARRY Buffers                                                       ; Off                ; Off                ;
; Ignore CASCADE Buffers                                                     ; Off                ; Off                ;
; Ignore GLOBAL Buffers                                                      ; Off                ; Off                ;
; Ignore ROW GLOBAL Buffers                                                  ; Off                ; Off                ;
; Ignore LCELL Buffers                                                       ; Off                ; Off                ;
; Ignore SOFT Buffers                                                        ; On                 ; On                 ;
; Limit AHDL Integers to 32 Bits                                             ; Off                ; Off                ;
; Optimization Technique                                                     ; Balanced           ; Balanced           ;
; Carry Chain Length                                                         ; 70                 ; 70                 ;
; Auto Carry Chains                                                          ; On                 ; On                 ;
; Auto Open-Drain Pins                                                       ; On                 ; On                 ;
; Perform WYSIWYG Primitive Resynthesis                                      ; Off                ; Off                ;
; Auto ROM Replacement                                                       ; On                 ; On                 ;
; Auto RAM Replacement                                                       ; On                 ; On                 ;
; Auto DSP Block Replacement                                                 ; On                 ; On                 ;
; Auto Shift Register Replacement                                            ; Auto               ; Auto               ;
; Allow Shift Register Merging across Hierarchies                            ; Auto               ; Auto               ;
; Auto Clock Enable Replacement                                              ; On                 ; On                 ;
; Strict RAM Replacement                                                     ; Off                ; Off                ;
; Allow Synchronous Control Signals                                          ; On                 ; On                 ;
; Force Use of Synchronous Clear Signals                                     ; Off                ; Off                ;
; Auto RAM Block Balancing                                                   ; On                 ; On                 ;
; Auto RAM to Logic Cell Conversion                                          ; Off                ; Off                ;
; Auto Resource Sharing                                                      ; Off                ; Off                ;
; Allow Any RAM Size For Recognition                                         ; Off                ; Off                ;
; Allow Any ROM Size For Recognition                                         ; Off                ; Off                ;
; Allow Any Shift Register Size For Recognition                              ; Off                ; Off                ;
; Use LogicLock Constraints during Resource Balancing                        ; On                 ; On                 ;
; Ignore translate_off and synthesis_off directives                          ; Off                ; Off                ;
; Timing-Driven Synthesis                                                    ; On                 ; On                 ;
; Report Parameter Settings                                                  ; On                 ; On                 ;
; Report Source Assignments                                                  ; On                 ; On                 ;
; Report Connectivity Checks                                                 ; On                 ; On                 ;
; Ignore Maximum Fan-Out Assignments                                         ; Off                ; Off                ;
; Synchronization Register Chain Length                                      ; 2                  ; 2                  ;
; PowerPlay Power Optimization During Synthesis                              ; Normal compilation ; Normal compilation ;
; HDL message level                                                          ; Level2             ; Level2             ;
; Suppress Register Optimization Related Messages                            ; Off                ; Off                ;
; Number of Removed Registers Reported in Synthesis Report                   ; 5000               ; 5000               ;
; Number of Swept Nodes Reported in Synthesis Report                         ; 5000               ; 5000               ;
; Number of Inverted Registers Reported in Synthesis Report                  ; 100                ; 100                ;
; Clock MUX Protection                                                       ; On                 ; On                 ;
; Auto Gated Clock Conversion                                                ; Off                ; Off                ;
; Block Design Naming                                                        ; Auto               ; Auto               ;
; SDC constraint protection                                                  ; Off                ; Off                ;
; Synthesis Effort                                                           ; Auto               ; Auto               ;
; Shift Register Replacement - Allow Asynchronous Clear Signal               ; On                 ; On                 ;
; Pre-Mapping Resynthesis Optimization                                       ; Off                ; Off                ;
; Analysis & Synthesis Message Level                                         ; Medium             ; Medium             ;
; Disable Register Merging Across Hierarchies                                ; Auto               ; Auto               ;
; Resource Aware Inference For Block RAM                                     ; On                 ; On                 ;
; Synthesis Seed                                                             ; 1                  ; 1                  ;
+----------------------------------------------------------------------------+--------------------+--------------------+


+------------------------------------------+
; Parallel Compilation                     ;
+----------------------------+-------------+
; Processors                 ; Number      ;
+----------------------------+-------------+
; Number detected on machine ; 8           ;
; Maximum allowed            ; 4           ;
;                            ;             ;
; Average used               ; 1.00        ;
; Maximum used               ; 4           ;
;                            ;             ;
; Usage by Processor         ; % Time Used ;
;     Processor 1            ; 100.0%      ;
;     Processors 2-4         ; < 0.1%      ;
+----------------------------+-------------+


+-----------------------------------------------------------------------------------------------------------------------------------------------------------------------------+
; Analysis & Synthesis Source Files Read                                                                                                                                      ;
+----------------------------------+-----------------+------------------------------------+-------------------------------------------------------------------------+---------+
; File Name with User-Entered Path ; Used in Netlist ; File Type                          ; File Name with Absolute Path                                            ; Library ;
+----------------------------------+-----------------+------------------------------------+-------------------------------------------------------------------------+---------+
; CounterJog.vhd                   ; yes             ; User VHDL File                     ; C:/LSD/LSDProjeto/CounterJog.vhd                                        ;         ;
; seven_segment_decoder.vhd        ; yes             ; User VHDL File                     ; C:/LSD/LSDProjeto/seven_segment_decoder.vhd                             ;         ;
; debouncer.vhd                    ; yes             ; User VHDL File                     ; C:/LSD/LSDProjeto/debouncer.vhd                                         ;         ;
; StateMachine.vhd                 ; yes             ; User VHDL File                     ; C:/LSD/LSDProjeto/StateMachine.vhd                                      ;         ;
; Voleibol.bdf                     ; yes             ; User Block Diagram/Schematic File  ; C:/LSD/LSDProjeto/Voleibol.bdf                                          ;         ;
; SetCounter.vhd                   ; yes             ; User VHDL File                     ; C:/LSD/LSDProjeto/SetCounter.vhd                                        ;         ;
; BCDconvert.vhd                   ; yes             ; User VHDL File                     ; C:/LSD/LSDProjeto/BCDconvert.vhd                                        ;         ;
; displaySet.vhd                   ; yes             ; User VHDL File                     ; C:/LSD/LSDProjeto/displaySet.vhd                                        ;         ;
; displayWinner.vhd                ; yes             ; User VHDL File                     ; C:/LSD/LSDProjeto/displayWinner.vhd                                     ;         ;
; lcd_tl.vhd                       ; yes             ; User VHDL File                     ; C:/LSD/LSDProjeto/lcd_tl.vhd                                            ;         ;
; lcd_controller.vhd               ; yes             ; User VHDL File                     ; C:/LSD/LSDProjeto/lcd_controller.vhd                                    ;         ;
; lpm_divide.tdf                   ; yes             ; Megafunction                       ; c:/altera_lite/15.1/quartus/libraries/megafunctions/lpm_divide.tdf      ;         ;
; abs_divider.inc                  ; yes             ; Megafunction                       ; c:/altera_lite/15.1/quartus/libraries/megafunctions/abs_divider.inc     ;         ;
; sign_div_unsign.inc              ; yes             ; Megafunction                       ; c:/altera_lite/15.1/quartus/libraries/megafunctions/sign_div_unsign.inc ;         ;
; aglobal151.inc                   ; yes             ; Megafunction                       ; c:/altera_lite/15.1/quartus/libraries/megafunctions/aglobal151.inc      ;         ;
; db/lpm_divide_k9m.tdf            ; yes             ; Auto-Generated Megafunction        ; C:/LSD/LSDProjeto/db/lpm_divide_k9m.tdf                                 ;         ;
; db/sign_div_unsign_9kh.tdf       ; yes             ; Auto-Generated Megafunction        ; C:/LSD/LSDProjeto/db/sign_div_unsign_9kh.tdf                            ;         ;
; db/alt_u_div_64f.tdf             ; yes             ; Auto-Generated Megafunction        ; C:/LSD/LSDProjeto/db/alt_u_div_64f.tdf                                  ;         ;
; db/add_sub_7pc.tdf               ; yes             ; Auto-Generated Megafunction        ; C:/LSD/LSDProjeto/db/add_sub_7pc.tdf                                    ;         ;
; db/add_sub_8pc.tdf               ; yes             ; Auto-Generated Megafunction        ; C:/LSD/LSDProjeto/db/add_sub_8pc.tdf                                    ;         ;
; db/lpm_divide_hhm.tdf            ; yes             ; Auto-Generated Megafunction        ; C:/LSD/LSDProjeto/db/lpm_divide_hhm.tdf                                 ;         ;
+----------------------------------+-----------------+------------------------------------+-------------------------------------------------------------------------+---------+


+--------------------------------------------------------------+
; Analysis & Synthesis Resource Usage Summary                  ;
+---------------------------------------------+----------------+
; Resource                                    ; Usage          ;
+---------------------------------------------+----------------+
; Estimated Total logic elements              ; 770            ;
;                                             ;                ;
; Total combinational functions               ; 768            ;
; Logic element usage by number of LUT inputs ;                ;
;     -- 4 input functions                    ; 234            ;
;     -- 3 input functions                    ; 209            ;
;     -- <=2 input functions                  ; 325            ;
;                                             ;                ;
; Logic elements by mode                      ;                ;
;     -- normal mode                          ; 419            ;
;     -- arithmetic mode                      ; 349            ;
;                                             ;                ;
; Total registers                             ; 279            ;
;     -- Dedicated logic registers            ; 279            ;
;     -- I/O registers                        ; 0              ;
;                                             ;                ;
; I/O pins                                    ; 80             ;
;                                             ;                ;
; Embedded Multiplier 9-bit elements          ; 0              ;
;                                             ;                ;
; Maximum fan-out node                        ; CLOCK_50~input ;
; Maximum fan-out                             ; 279            ;
; Total fan-out                               ; 3218           ;
; Average fan-out                             ; 2.67           ;
+---------------------------------------------+----------------+


+----------------------------------------------------------------------------------------------------------------------------------------------------------------------------------------------------------------------------------------------------------------------------------------------------+
; Analysis & Synthesis Resource Utilization by Entity                                                                                                                                                                                                                                                ;
+-------------------------------------------+-------------------+--------------+-------------+--------------+---------+-----------+------+--------------+-----------------------------------------------------------------------------------------------------------------------------+--------------+
; Compilation Hierarchy Node                ; LC Combinationals ; LC Registers ; Memory Bits ; DSP Elements ; DSP 9x9 ; DSP 18x18 ; Pins ; Virtual Pins ; Full Hierarchy Name                                                                                                         ; Library Name ;
+-------------------------------------------+-------------------+--------------+-------------+--------------+---------+-----------+------+--------------+-----------------------------------------------------------------------------------------------------------------------------+--------------+
; |Voleibol                                 ; 768 (3)           ; 279 (0)      ; 0           ; 0            ; 0       ; 0         ; 80   ; 0            ; |Voleibol                                                                                                                   ; work         ;
;    |BCDconvert:inst15|                    ; 37 (0)            ; 0 (0)        ; 0           ; 0            ; 0       ; 0         ; 0    ; 0            ; |Voleibol|BCDconvert:inst15                                                                                                 ; work         ;
;       |lpm_divide:Div0|                   ; 17 (0)            ; 0 (0)        ; 0           ; 0            ; 0       ; 0         ; 0    ; 0            ; |Voleibol|BCDconvert:inst15|lpm_divide:Div0                                                                                 ; work         ;
;          |lpm_divide_hhm:auto_generated|  ; 17 (0)            ; 0 (0)        ; 0           ; 0            ; 0       ; 0         ; 0    ; 0            ; |Voleibol|BCDconvert:inst15|lpm_divide:Div0|lpm_divide_hhm:auto_generated                                                   ; work         ;
;             |sign_div_unsign_9kh:divider| ; 17 (0)            ; 0 (0)        ; 0           ; 0            ; 0       ; 0         ; 0    ; 0            ; |Voleibol|BCDconvert:inst15|lpm_divide:Div0|lpm_divide_hhm:auto_generated|sign_div_unsign_9kh:divider                       ; work         ;
;                |alt_u_div_64f:divider|    ; 17 (17)           ; 0 (0)        ; 0           ; 0            ; 0       ; 0         ; 0    ; 0            ; |Voleibol|BCDconvert:inst15|lpm_divide:Div0|lpm_divide_hhm:auto_generated|sign_div_unsign_9kh:divider|alt_u_div_64f:divider ; work         ;
;       |lpm_divide:Mod0|                   ; 20 (0)            ; 0 (0)        ; 0           ; 0            ; 0       ; 0         ; 0    ; 0            ; |Voleibol|BCDconvert:inst15|lpm_divide:Mod0                                                                                 ; work         ;
;          |lpm_divide_k9m:auto_generated|  ; 20 (0)            ; 0 (0)        ; 0           ; 0            ; 0       ; 0         ; 0    ; 0            ; |Voleibol|BCDconvert:inst15|lpm_divide:Mod0|lpm_divide_k9m:auto_generated                                                   ; work         ;
;             |sign_div_unsign_9kh:divider| ; 20 (0)            ; 0 (0)        ; 0           ; 0            ; 0       ; 0         ; 0    ; 0            ; |Voleibol|BCDconvert:inst15|lpm_divide:Mod0|lpm_divide_k9m:auto_generated|sign_div_unsign_9kh:divider                       ; work         ;
;                |alt_u_div_64f:divider|    ; 20 (20)           ; 0 (0)        ; 0           ; 0            ; 0       ; 0         ; 0    ; 0            ; |Voleibol|BCDconvert:inst15|lpm_divide:Mod0|lpm_divide_k9m:auto_generated|sign_div_unsign_9kh:divider|alt_u_div_64f:divider ; work         ;
;    |BCDconvert:inst16|                    ; 37 (0)            ; 0 (0)        ; 0           ; 0            ; 0       ; 0         ; 0    ; 0            ; |Voleibol|BCDconvert:inst16                                                                                                 ; work         ;
;       |lpm_divide:Div0|                   ; 17 (0)            ; 0 (0)        ; 0           ; 0            ; 0       ; 0         ; 0    ; 0            ; |Voleibol|BCDconvert:inst16|lpm_divide:Div0                                                                                 ; work         ;
;          |lpm_divide_hhm:auto_generated|  ; 17 (0)            ; 0 (0)        ; 0           ; 0            ; 0       ; 0         ; 0    ; 0            ; |Voleibol|BCDconvert:inst16|lpm_divide:Div0|lpm_divide_hhm:auto_generated                                                   ; work         ;
;             |sign_div_unsign_9kh:divider| ; 17 (0)            ; 0 (0)        ; 0           ; 0            ; 0       ; 0         ; 0    ; 0            ; |Voleibol|BCDconvert:inst16|lpm_divide:Div0|lpm_divide_hhm:auto_generated|sign_div_unsign_9kh:divider                       ; work         ;
;                |alt_u_div_64f:divider|    ; 17 (17)           ; 0 (0)        ; 0           ; 0            ; 0       ; 0         ; 0    ; 0            ; |Voleibol|BCDconvert:inst16|lpm_divide:Div0|lpm_divide_hhm:auto_generated|sign_div_unsign_9kh:divider|alt_u_div_64f:divider ; work         ;
;       |lpm_divide:Mod0|                   ; 20 (0)            ; 0 (0)        ; 0           ; 0            ; 0       ; 0         ; 0    ; 0            ; |Voleibol|BCDconvert:inst16|lpm_divide:Mod0                                                                                 ; work         ;
;          |lpm_divide_k9m:auto_generated|  ; 20 (0)            ; 0 (0)        ; 0           ; 0            ; 0       ; 0         ; 0    ; 0            ; |Voleibol|BCDconvert:inst16|lpm_divide:Mod0|lpm_divide_k9m:auto_generated                                                   ; work         ;
;             |sign_div_unsign_9kh:divider| ; 20 (0)            ; 0 (0)        ; 0           ; 0            ; 0       ; 0         ; 0    ; 0            ; |Voleibol|BCDconvert:inst16|lpm_divide:Mod0|lpm_divide_k9m:auto_generated|sign_div_unsign_9kh:divider                       ; work         ;
;                |alt_u_div_64f:divider|    ; 20 (20)           ; 0 (0)        ; 0           ; 0            ; 0       ; 0         ; 0    ; 0            ; |Voleibol|BCDconvert:inst16|lpm_divide:Mod0|lpm_divide_k9m:auto_generated|sign_div_unsign_9kh:divider|alt_u_div_64f:divider ; work         ;
;    |CounterJog:inst3|                     ; 250 (250)         ; 66 (66)      ; 0           ; 0            ; 0       ; 0         ; 0    ; 0            ; |Voleibol|CounterJog:inst3                                                                                                  ; work         ;
;    |SetCounter:inst4|                     ; 10 (10)           ; 8 (8)        ; 0           ; 0            ; 0       ; 0         ; 0    ; 0            ; |Voleibol|SetCounter:inst4                                                                                                  ; work         ;
;    |StateMachine:inst|                    ; 4 (4)             ; 3 (3)        ; 0           ; 0            ; 0       ; 0         ; 0    ; 0            ; |Voleibol|StateMachine:inst                                                                                                 ; work         ;
;    |debouncer:inst22|                     ; 35 (35)           ; 26 (26)      ; 0           ; 0            ; 0       ; 0         ; 0    ; 0            ; |Voleibol|debouncer:inst22                                                                                                  ; work         ;
;    |debouncer:inst23|                     ; 35 (35)           ; 26 (26)      ; 0           ; 0            ; 0       ; 0         ; 0    ; 0            ; |Voleibol|debouncer:inst23                                                                                                  ; work         ;
;    |debouncer:inst24|                     ; 35 (35)           ; 26 (26)      ; 0           ; 0            ; 0       ; 0         ; 0    ; 0            ; |Voleibol|debouncer:inst24                                                                                                  ; work         ;
;    |debouncer:inst25|                     ; 35 (35)           ; 26 (26)      ; 0           ; 0            ; 0       ; 0         ; 0    ; 0            ; |Voleibol|debouncer:inst25                                                                                                  ; work         ;
;    |displayWinner:inst202|                ; 6 (6)             ; 0 (0)        ; 0           ; 0            ; 0       ; 0         ; 0    ; 0            ; |Voleibol|displayWinner:inst202                                                                                             ; work         ;
;    |lcd_tl:inst2|                         ; 254 (113)         ; 98 (24)      ; 0           ; 0            ; 0       ; 0         ; 0    ; 0            ; |Voleibol|lcd_tl:inst2                                                                                                      ; work         ;
;       |lcd_controller:ca|                 ; 141 (141)         ; 74 (74)      ; 0           ; 0            ; 0       ; 0         ; 0    ; 0            ; |Voleibol|lcd_tl:inst2|lcd_controller:ca                                                                                    ; work         ;
;    |seven_segment_decoder:inst17|         ; 7 (7)             ; 0 (0)        ; 0           ; 0            ; 0       ; 0         ; 0    ; 0            ; |Voleibol|seven_segment_decoder:inst17                                                                                      ; work         ;
;    |seven_segment_decoder:inst18|         ; 3 (3)             ; 0 (0)        ; 0           ; 0            ; 0       ; 0         ; 0    ; 0            ; |Voleibol|seven_segment_decoder:inst18                                                                                      ; work         ;
;    |seven_segment_decoder:inst19|         ; 3 (3)             ; 0 (0)        ; 0           ; 0            ; 0       ; 0         ; 0    ; 0            ; |Voleibol|seven_segment_decoder:inst19                                                                                      ; work         ;
;    |seven_segment_decoder:inst20|         ; 7 (7)             ; 0 (0)        ; 0           ; 0            ; 0       ; 0         ; 0    ; 0            ; |Voleibol|seven_segment_decoder:inst20                                                                                      ; work         ;
;    |seven_segment_decoder:inst21|         ; 7 (7)             ; 0 (0)        ; 0           ; 0            ; 0       ; 0         ; 0    ; 0            ; |Voleibol|seven_segment_decoder:inst21                                                                                      ; work         ;
+-------------------------------------------+-------------------+--------------+-------------+--------------+---------+-----------+------+--------------+-----------------------------------------------------------------------------------------------------------------------------+--------------+
Note: For table entries with two numbers listed, the numbers in parentheses indicate the number of resources of the given type used by the specific entity alone. The numbers listed outside of parentheses indicate the total resources of the given type used by the specific entity and all of its sub-entities in the hierarchy.


Encoding Type:  One-Hot
+---------------------------------------------------------------------------------------------------------+
; State Machine - |Voleibol|StateMachine:inst|s_currentState                                              ;
+---------------------------+---------------------------+-------------------------+-----------------------+
; Name                      ; s_currentState.finalState ; s_currentState.JogarSet ; s_currentState.Inicio ;
+---------------------------+---------------------------+-------------------------+-----------------------+
; s_currentState.Inicio     ; 0                         ; 0                       ; 0                     ;
; s_currentState.JogarSet   ; 0                         ; 1                       ; 1                     ;
; s_currentState.finalState ; 1                         ; 0                       ; 1                     ;
+---------------------------+---------------------------+-------------------------+-----------------------+


Encoding Type: Safe One-Hot
+---------------------------------------------------------------------------------------------------------------------------------------------------------------------------------------------------------------------------------------------------------+
; State Machine - |Voleibol|lcd_tl:inst2|lcd_controller:ca|state                                                                                                                                                                                          ;
+----------------------------+----------------------------+-----------------------+-----------------------+-----------------------+-----------------------+-----------------------+-----------------------+-----------------------+-----------------------+
; Name                       ; state.process_txd_requests ; state.power_on_phase8 ; state.power_on_phase7 ; state.power_on_phase6 ; state.power_on_phase5 ; state.power_on_phase4 ; state.power_on_phase3 ; state.power_on_phase2 ; state.power_on_phase1 ;
+----------------------------+----------------------------+-----------------------+-----------------------+-----------------------+-----------------------+-----------------------+-----------------------+-----------------------+-----------------------+
; state.power_on_phase1      ; 0                          ; 0                     ; 0                     ; 0                     ; 0                     ; 0                     ; 0                     ; 0                     ; 0                     ;
; state.power_on_phase2      ; 0                          ; 0                     ; 0                     ; 0                     ; 0                     ; 0                     ; 0                     ; 1                     ; 1                     ;
; state.power_on_phase3      ; 0                          ; 0                     ; 0                     ; 0                     ; 0                     ; 0                     ; 1                     ; 0                     ; 1                     ;
; state.power_on_phase4      ; 0                          ; 0                     ; 0                     ; 0                     ; 0                     ; 1                     ; 0                     ; 0                     ; 1                     ;
; state.power_on_phase5      ; 0                          ; 0                     ; 0                     ; 0                     ; 1                     ; 0                     ; 0                     ; 0                     ; 1                     ;
; state.power_on_phase6      ; 0                          ; 0                     ; 0                     ; 1                     ; 0                     ; 0                     ; 0                     ; 0                     ; 1                     ;
; state.power_on_phase7      ; 0                          ; 0                     ; 1                     ; 0                     ; 0                     ; 0                     ; 0                     ; 0                     ; 1                     ;
; state.power_on_phase8      ; 0                          ; 1                     ; 0                     ; 0                     ; 0                     ; 0                     ; 0                     ; 0                     ; 1                     ;
; state.process_txd_requests ; 1                          ; 0                     ; 0                     ; 0                     ; 0                     ; 0                     ; 0                     ; 0                     ; 1                     ;
+----------------------------+----------------------------+-----------------------+-----------------------+-----------------------+-----------------------+-----------------------+-----------------------+-----------------------+-----------------------+


+---------------------------------------------------------------------------------------------------------------------------------------------------------------------------+
; Registers Protected by Synthesis                                                                                                                                          ;
+-----------------------------------------------------------+------------------------------------------------------------------+--------------------------------------------+
; Register Name                                             ; Protected by Synthesis Attribute or Preserve Register Assignment ; Not to be Touched by Netlist Optimizations ;
+-----------------------------------------------------------+------------------------------------------------------------------+--------------------------------------------+
; lcd_tl:inst2|lcd_controller:ca|state.process_txd_requests ; no                                                               ; yes                                        ;
; lcd_tl:inst2|lcd_controller:ca|state.power_on_phase8      ; no                                                               ; yes                                        ;
; lcd_tl:inst2|lcd_controller:ca|state.power_on_phase1      ; no                                                               ; yes                                        ;
; lcd_tl:inst2|lcd_controller:ca|state.power_on_phase2      ; no                                                               ; yes                                        ;
; lcd_tl:inst2|lcd_controller:ca|state.power_on_phase3      ; no                                                               ; yes                                        ;
; lcd_tl:inst2|lcd_controller:ca|state.power_on_phase4      ; no                                                               ; yes                                        ;
; lcd_tl:inst2|lcd_controller:ca|state.power_on_phase5      ; no                                                               ; yes                                        ;
; lcd_tl:inst2|lcd_controller:ca|state.power_on_phase6      ; no                                                               ; yes                                        ;
; lcd_tl:inst2|lcd_controller:ca|state.power_on_phase7      ; no                                                               ; yes                                        ;
+-----------------------------------------------------------+------------------------------------------------------------------+--------------------------------------------+


+---------------------------------------------------------------------------------------------------+
; User-Specified and Inferred Latches                                                               ;
+----------------------------------------------------+---------------------+------------------------+
; Latch Name                                         ; Latch Enable Signal ; Free of Timing Hazards ;
+----------------------------------------------------+---------------------+------------------------+
; displayWinner:inst202|numberX[0]                   ; GND                 ; yes                    ;
; displayWinner:inst202|numberX[1]                   ; GND                 ; yes                    ;
; Number of user-specified and inferred latches = 2  ;                     ;                        ;
+----------------------------------------------------+---------------------+------------------------+
Note: All latches listed above may not be present at the end of synthesis due to various synthesis optimizations.


+---------------------------------------------------------------------------------------------------------+
; Registers Removed During Synthesis                                                                      ;
+----------------------------------------------------------------+----------------------------------------+
; Register name                                                  ; Reason for Removal                     ;
+----------------------------------------------------------------+----------------------------------------+
; lcd_tl:inst2|txd_request                                       ; Stuck at VCC due to stuck port data_in ;
; lcd_tl:inst2|line0[6]                                          ; Merged with lcd_tl:inst2|line1[0]      ;
; lcd_tl:inst2|line1[2,4,6,44]                                   ; Merged with lcd_tl:inst2|line1[0]      ;
; lcd_tl:inst2|line0[20]                                         ; Merged with lcd_tl:inst2|line1[0]      ;
; lcd_tl:inst2|line1[8,10]                                       ; Merged with lcd_tl:inst2|line1[0]      ;
; lcd_tl:inst2|line0[28,36,92]                                   ; Merged with lcd_tl:inst2|line1[0]      ;
; lcd_tl:inst2|line1[18,20]                                      ; Merged with lcd_tl:inst2|line1[0]      ;
; lcd_tl:inst2|line0[52,56]                                      ; Merged with lcd_tl:inst2|line1[0]      ;
; lcd_tl:inst2|line1[26,116,119]                                 ; Merged with lcd_tl:inst2|line1[0]      ;
; lcd_tl:inst2|line0[60]                                         ; Merged with lcd_tl:inst2|line1[0]      ;
; lcd_tl:inst2|line1[28]                                         ; Merged with lcd_tl:inst2|line1[0]      ;
; lcd_tl:inst2|line0[66,70]                                      ; Merged with lcd_tl:inst2|line1[0]      ;
; lcd_tl:inst2|line1[36]                                         ; Merged with lcd_tl:inst2|line1[0]      ;
; lcd_tl:inst2|line0[84,120]                                     ; Merged with lcd_tl:inst2|line1[0]      ;
; lcd_tl:inst2|line0[3]                                          ; Merged with lcd_tl:inst2|line1[1]      ;
; lcd_tl:inst2|line1[3]                                          ; Merged with lcd_tl:inst2|line1[1]      ;
; lcd_tl:inst2|line0[11]                                         ; Merged with lcd_tl:inst2|line1[1]      ;
; lcd_tl:inst2|line1[11,127]                                     ; Merged with lcd_tl:inst2|line1[1]      ;
; lcd_tl:inst2|line0[7,15]                                       ; Merged with lcd_tl:inst2|line1[1]      ;
; lcd_tl:inst2|line1[7]                                          ; Merged with lcd_tl:inst2|line1[1]      ;
; lcd_tl:inst2|line0[23,31]                                      ; Merged with lcd_tl:inst2|line1[1]      ;
; lcd_tl:inst2|line1[15]                                         ; Merged with lcd_tl:inst2|line1[1]      ;
; lcd_tl:inst2|line0[39]                                         ; Merged with lcd_tl:inst2|line1[1]      ;
; lcd_tl:inst2|line1[19]                                         ; Merged with lcd_tl:inst2|line1[1]      ;
; lcd_tl:inst2|line0[43,47]                                      ; Merged with lcd_tl:inst2|line1[1]      ;
; lcd_tl:inst2|line1[23]                                         ; Merged with lcd_tl:inst2|line1[1]      ;
; lcd_tl:inst2|line0[55,58]                                      ; Merged with lcd_tl:inst2|line1[1]      ;
; lcd_tl:inst2|line1[27]                                         ; Merged with lcd_tl:inst2|line1[1]      ;
; lcd_tl:inst2|line0[59,63]                                      ; Merged with lcd_tl:inst2|line1[1]      ;
; lcd_tl:inst2|line1[31]                                         ; Merged with lcd_tl:inst2|line1[1]      ;
; lcd_tl:inst2|line0[67,71]                                      ; Merged with lcd_tl:inst2|line1[1]      ;
; lcd_tl:inst2|line1[35]                                         ; Merged with lcd_tl:inst2|line1[1]      ;
; lcd_tl:inst2|line0[79]                                         ; Merged with lcd_tl:inst2|line1[1]      ;
; lcd_tl:inst2|line1[39]                                         ; Merged with lcd_tl:inst2|line1[1]      ;
; lcd_tl:inst2|line0[87,91,95]                                   ; Merged with lcd_tl:inst2|line1[1]      ;
; lcd_tl:inst2|line1[47]                                         ; Merged with lcd_tl:inst2|line1[1]      ;
; lcd_tl:inst2|line0[103,111]                                    ; Merged with lcd_tl:inst2|line1[1]      ;
; lcd_tl:inst2|line1[55]                                         ; Merged with lcd_tl:inst2|line1[1]      ;
; lcd_tl:inst2|line0[100,119,122]                                ; Merged with lcd_tl:inst2|line1[1]      ;
; lcd_tl:inst2|line1[59]                                         ; Merged with lcd_tl:inst2|line1[1]      ;
; lcd_tl:inst2|line0[127]                                        ; Merged with lcd_tl:inst2|line1[1]      ;
; lcd_tl:inst2|line1[52,63,65..67]                               ; Merged with lcd_tl:inst2|line1[1]      ;
; lcd_tl:inst2|line0[1,9]                                        ; Merged with lcd_tl:inst2|line1[1]      ;
; lcd_tl:inst2|line1[17,60]                                      ; Merged with lcd_tl:inst2|line1[1]      ;
; lcd_tl:inst2|line0[41]                                         ; Merged with lcd_tl:inst2|line1[1]      ;
; lcd_tl:inst2|line1[125]                                        ; Merged with lcd_tl:inst2|line1[5]      ;
; lcd_tl:inst2|line0[5,13,21,29]                                 ; Merged with lcd_tl:inst2|line1[5]      ;
; lcd_tl:inst2|line1[13]                                         ; Merged with lcd_tl:inst2|line1[5]      ;
; lcd_tl:inst2|line0[37,45]                                      ; Merged with lcd_tl:inst2|line1[5]      ;
; lcd_tl:inst2|line1[21]                                         ; Merged with lcd_tl:inst2|line1[5]      ;
; lcd_tl:inst2|line0[53,61]                                      ; Merged with lcd_tl:inst2|line1[5]      ;
; lcd_tl:inst2|line1[29]                                         ; Merged with lcd_tl:inst2|line1[5]      ;
; lcd_tl:inst2|line0[69,77]                                      ; Merged with lcd_tl:inst2|line1[5]      ;
; lcd_tl:inst2|line1[37]                                         ; Merged with lcd_tl:inst2|line1[5]      ;
; lcd_tl:inst2|line0[85,93]                                      ; Merged with lcd_tl:inst2|line1[5]      ;
; lcd_tl:inst2|line1[45]                                         ; Merged with lcd_tl:inst2|line1[5]      ;
; lcd_tl:inst2|line0[101,109]                                    ; Merged with lcd_tl:inst2|line1[5]      ;
; lcd_tl:inst2|line1[53]                                         ; Merged with lcd_tl:inst2|line1[5]      ;
; lcd_tl:inst2|line0[117,125]                                    ; Merged with lcd_tl:inst2|line1[5]      ;
; lcd_tl:inst2|line1[61,69,77,85,93]                             ; Merged with lcd_tl:inst2|line1[5]      ;
; lcd_tl:inst2|line1[62]                                         ; Merged with lcd_tl:inst2|line1[9]      ;
; lcd_tl:inst2|line0[51,75]                                      ; Merged with lcd_tl:inst2|line1[9]      ;
; lcd_tl:inst2|line1[43]                                         ; Merged with lcd_tl:inst2|line1[9]      ;
; lcd_tl:inst2|line0[99]                                         ; Merged with lcd_tl:inst2|line1[9]      ;
; lcd_tl:inst2|line1[51]                                         ; Merged with lcd_tl:inst2|line1[9]      ;
; lcd_tl:inst2|line0[25,42,107,124]                              ; Merged with lcd_tl:inst2|line1[9]      ;
; lcd_tl:inst2|line1[25]                                         ; Merged with lcd_tl:inst2|line1[9]      ;
; lcd_tl:inst2|line0[57,74]                                      ; Merged with lcd_tl:inst2|line1[9]      ;
; lcd_tl:inst2|line0[24,26,32]                                   ; Merged with lcd_tl:inst2|line1[12]     ;
; lcd_tl:inst2|line1[14]                                         ; Merged with lcd_tl:inst2|line1[12]     ;
; lcd_tl:inst2|line0[98]                                         ; Merged with lcd_tl:inst2|line1[12]     ;
; lcd_tl:inst2|line1[16,46]                                      ; Merged with lcd_tl:inst2|line1[12]     ;
; lcd_tl:inst2|line0[44]                                         ; Merged with lcd_tl:inst2|line1[12]     ;
; lcd_tl:inst2|line1[22,24,118]                                  ; Merged with lcd_tl:inst2|line1[12]     ;
; lcd_tl:inst2|line0[62]                                         ; Merged with lcd_tl:inst2|line1[12]     ;
; lcd_tl:inst2|line1[30,32]                                      ; Merged with lcd_tl:inst2|line1[12]     ;
; lcd_tl:inst2|line0[72]                                         ; Merged with lcd_tl:inst2|line1[12]     ;
; lcd_tl:inst2|line1[34,38,40,42,48]                             ; Merged with lcd_tl:inst2|line1[12]     ;
; lcd_tl:inst2|line1[41]                                         ; Merged with lcd_tl:inst2|line1[33]     ;
; lcd_tl:inst2|line0[89,97]                                      ; Merged with lcd_tl:inst2|line1[33]     ;
; lcd_tl:inst2|line1[68,70,71]                                   ; Merged with lcd_tl:inst2|line1[33]     ;
; lcd_tl:inst2|line0[108]                                        ; Merged with lcd_tl:inst2|line1[33]     ;
; lcd_tl:inst2|line1[76,78,79,87,91,95,103,106,111,113,124]      ; Merged with lcd_tl:inst2|line1[33]     ;
; lcd_tl:inst2|line0[0]                                          ; Merged with lcd_tl:inst2|line1[33]     ;
; lcd_tl:inst2|line1[58,115]                                     ; Merged with lcd_tl:inst2|line1[33]     ;
; lcd_tl:inst2|line0[2,4]                                        ; Merged with lcd_tl:inst2|line1[33]     ;
; lcd_tl:inst2|line1[50,57]                                      ; Merged with lcd_tl:inst2|line1[49]     ;
; lcd_tl:inst2|line0[88]                                         ; Merged with lcd_tl:inst2|line1[49]     ;
; lcd_tl:inst2|line1[54,73,75,84,100]                            ; Merged with lcd_tl:inst2|line1[49]     ;
; lcd_tl:inst2|line0[116]                                        ; Merged with lcd_tl:inst2|line1[49]     ;
; lcd_tl:inst2|line1[74,112,114]                                 ; Merged with lcd_tl:inst2|line1[49]     ;
; lcd_tl:inst2|line1[86,107]                                     ; Merged with lcd_tl:inst2|line1[56]     ;
; lcd_tl:inst2|line0[81,105,114,121]                             ; Merged with lcd_tl:inst2|line1[64]     ;
; lcd_tl:inst2|line1[80]                                         ; Merged with lcd_tl:inst2|line1[64]     ;
; lcd_tl:inst2|line0[112]                                        ; Merged with lcd_tl:inst2|line1[64]     ;
; lcd_tl:inst2|line1[90,94,98,102,105]                           ; Merged with lcd_tl:inst2|line1[64]     ;
; lcd_tl:inst2|line0[8]                                          ; Merged with lcd_tl:inst2|line1[64]     ;
; lcd_tl:inst2|line0[73,110,113,118]                             ; Merged with lcd_tl:inst2|line1[72]     ;
; lcd_tl:inst2|line1[96,110]                                     ; Merged with lcd_tl:inst2|line1[72]     ;
; lcd_tl:inst2|line0[94]                                         ; Merged with lcd_tl:inst2|line1[72]     ;
; lcd_tl:inst2|line1[82,83,88,89,97,99]                          ; Merged with lcd_tl:inst2|line1[81]     ;
; lcd_tl:inst2|line1[109,117]                                    ; Merged with lcd_tl:inst2|line1[101]    ;
; lcd_tl:inst2|line1[108]                                        ; Merged with lcd_tl:inst2|line1[104]    ;
; lcd_tl:inst2|line0[30,38,46,48,50,54,78,102]                   ; Merged with lcd_tl:inst2|line1[120]    ;
; lcd_tl:inst2|line1[121,123]                                    ; Merged with lcd_tl:inst2|line1[120]    ;
; lcd_tl:inst2|line0[10,12,14,16,18,22,34,40,68,76,80,82,86,106] ; Merged with lcd_tl:inst2|line1[122]    ;
; lcd_tl:inst2|line0[27,49,96,104,126]                           ; Merged with lcd_tl:inst2|line1[126]    ;
; lcd_tl:inst2|line0[19,33,35,83,90,115,123]                     ; Merged with lcd_tl:inst2|line0[17]     ;
; lcd_tl:inst2|line1[1,33]                                       ; Merged with lcd_tl:inst2|line1[0]      ;
; lcd_tl:inst2|line1[101]                                        ; Merged with lcd_tl:inst2|line1[5]      ;
; lcd_tl:inst2|line1[12,49]                                      ; Merged with lcd_tl:inst2|line1[9]      ;
; lcd_tl:inst2|line1[122]                                        ; Merged with lcd_tl:inst2|line1[64]     ;
; lcd_tl:inst2|line0[17]                                         ; Merged with lcd_tl:inst2|line1[64]     ;
; lcd_tl:inst2|line1[120,126]                                    ; Merged with lcd_tl:inst2|line1[72]     ;
; lcd_tl:inst2|line1[0]                                          ; Stuck at GND due to stuck port data_in ;
; lcd_tl:inst2|line1[5]                                          ; Stuck at VCC due to stuck port data_in ;
; StateMachine:inst|s_currentState.finalState                    ; Lost fanout                            ;
; SetCounter:inst4|s_setAtual[3..31]                             ; Lost fanout                            ;
; SetCounter:inst4|s_set2[2..31]                                 ; Lost fanout                            ;
; SetCounter:inst4|s_set1[2..31]                                 ; Lost fanout                            ;
; Total Number of Removed Registers = 338                        ;                                        ;
+----------------------------------------------------------------+----------------------------------------+


+------------------------------------------------------+
; General Register Statistics                          ;
+----------------------------------------------+-------+
; Statistic                                    ; Value ;
+----------------------------------------------+-------+
; Total registers                              ; 279   ;
; Number of registers using Synchronous Clear  ; 71    ;
; Number of registers using Synchronous Load   ; 98    ;
; Number of registers using Asynchronous Clear ; 0     ;
; Number of registers using Asynchronous Load  ; 0     ;
; Number of registers using Clock Enable       ; 139   ;
; Number of registers using Preset             ; 0     ;
+----------------------------------------------+-------+


+------------------------------------------------------------+
; Inverted Register Statistics                               ;
+--------------------------------------------------+---------+
; Inverted Register                                ; Fan out ;
+--------------------------------------------------+---------+
; lcd_tl:inst2|lcd_controller:ca|reset_counter[16] ; 2       ;
; lcd_tl:inst2|lcd_controller:ca|reset_counter[17] ; 2       ;
; lcd_tl:inst2|lcd_controller:ca|reset_counter[18] ; 2       ;
; lcd_tl:inst2|lcd_controller:ca|reset_counter[19] ; 2       ;
; lcd_tl:inst2|lcd_controller:ca|reset_counter[6]  ; 2       ;
; lcd_tl:inst2|lcd_controller:ca|reset_counter[9]  ; 2       ;
; lcd_tl:inst2|lcd_controller:ca|reset_counter[14] ; 2       ;
; Total number of inverted registers = 7           ;         ;
+--------------------------------------------------+---------+


+--------------------------------------------------------------------------------------------------------------------------------------------------------------------------+
; Multiplexer Restructuring Statistics (Restructuring Performed)                                                                                                           ;
+--------------------+-----------+---------------+----------------------+------------------------+------------+------------------------------------------------------------+
; Multiplexer Inputs ; Bus Width ; Baseline Area ; Area if Restructured ; Saving if Restructured ; Registered ; Example Multiplexer Output                                 ;
+--------------------+-----------+---------------+----------------------+------------------------+------------+------------------------------------------------------------+
; 3:1                ; 32 bits   ; 64 LEs        ; 32 LEs               ; 32 LEs                 ; Yes        ; |Voleibol|SetCounter:inst4|s_set2[2]                       ;
; 3:1                ; 32 bits   ; 64 LEs        ; 32 LEs               ; 32 LEs                 ; Yes        ; |Voleibol|SetCounter:inst4|s_setAtual[29]                  ;
; 3:1                ; 32 bits   ; 64 LEs        ; 32 LEs               ; 32 LEs                 ; Yes        ; |Voleibol|CounterJog:inst3|s_pont1[28]                     ;
; 3:1                ; 32 bits   ; 64 LEs        ; 32 LEs               ; 32 LEs                 ; Yes        ; |Voleibol|CounterJog:inst3|s_pont2[25]                     ;
; 3:1                ; 23 bits   ; 46 LEs        ; 23 LEs               ; 23 LEs                 ; Yes        ; |Voleibol|debouncer:inst23|timer_counter[1]                ;
; 3:1                ; 23 bits   ; 46 LEs        ; 23 LEs               ; 23 LEs                 ; Yes        ; |Voleibol|debouncer:inst24|timer_counter[21]               ;
; 3:1                ; 23 bits   ; 46 LEs        ; 23 LEs               ; 23 LEs                 ; Yes        ; |Voleibol|debouncer:inst22|timer_counter[0]                ;
; 3:1                ; 23 bits   ; 46 LEs        ; 23 LEs               ; 23 LEs                 ; Yes        ; |Voleibol|debouncer:inst25|timer_counter[20]               ;
; 4:1                ; 7 bits    ; 14 LEs        ; 14 LEs               ; 0 LEs                  ; Yes        ; |Voleibol|lcd_tl:inst2|line1[104]                          ;
; 4:1                ; 2 bits    ; 4 LEs         ; 2 LEs                ; 2 LEs                  ; Yes        ; |Voleibol|lcd_tl:inst2|line0[65]                           ;
; 4:1                ; 4 bits    ; 8 LEs         ; 8 LEs                ; 0 LEs                  ; Yes        ; |Voleibol|lcd_tl:inst2|lcd_controller:ca|enable_counter[3] ;
; 4:1                ; 6 bits    ; 12 LEs        ; 12 LEs               ; 0 LEs                  ; Yes        ; |Voleibol|lcd_tl:inst2|lcd_controller:ca|delay_counter[0]  ;
; 4:1                ; 14 bits   ; 28 LEs        ; 28 LEs               ; 0 LEs                  ; Yes        ; |Voleibol|lcd_tl:inst2|lcd_controller:ca|delay_counter[7]  ;
; 3:1                ; 7 bits    ; 14 LEs        ; 14 LEs               ; 0 LEs                  ; No         ; |Voleibol|lcd_tl:inst2|lcd_controller:ca|state             ;
+--------------------+-----------+---------------+----------------------+------------------------+------------+------------------------------------------------------------+


+-------------------------------------------------------+
; Source assignments for lcd_tl:inst2|lcd_controller:ca ;
+--------------------+-------+------+-------------------+
; Assignment         ; Value ; From ; To                ;
+--------------------+-------+------+-------------------+
; SAFE_STATE_MACHINE ; on    ; -    ; state             ;
+--------------------+-------+------+-------------------+


+-----------------------------------------------------------------------------+
; Parameter Settings for User Entity Instance: lcd_tl:inst2|lcd_controller:ca ;
+-----------------+------------+----------------------------------------------+
; Parameter Name  ; Value      ; Type                                         ;
+-----------------+------------+----------------------------------------------+
; clock_frequency ; 50000000.0 ; Signed Float                                 ;
+-----------------+------------+----------------------------------------------+
Note: In order to hide this table in the UI and the text report file, please set the "Show Parameter Settings in Synthesis Report" option in "Analysis and Synthesis Settings -> More Settings" to "Off".


+---------------------------------------------------------------+
; Parameter Settings for User Entity Instance: debouncer:inst22 ;
+-----------------+------------+--------------------------------+
; Parameter Name  ; Value      ; Type                           ;
+-----------------+------------+--------------------------------+
; clock_frequency ; 50000000.0 ; Signed Float                   ;
; window_duration ; 0.1        ; Signed Float                   ;
; initial_level   ; '0'        ; Enumerated                     ;
+-----------------+------------+--------------------------------+
Note: In order to hide this table in the UI and the text report file, please set the "Show Parameter Settings in Synthesis Report" option in "Analysis and Synthesis Settings -> More Settings" to "Off".


+---------------------------------------------------------------+
; Parameter Settings for User Entity Instance: debouncer:inst23 ;
+-----------------+------------+--------------------------------+
; Parameter Name  ; Value      ; Type                           ;
+-----------------+------------+--------------------------------+
; clock_frequency ; 50000000.0 ; Signed Float                   ;
; window_duration ; 0.1        ; Signed Float                   ;
; initial_level   ; '0'        ; Enumerated                     ;
+-----------------+------------+--------------------------------+
Note: In order to hide this table in the UI and the text report file, please set the "Show Parameter Settings in Synthesis Report" option in "Analysis and Synthesis Settings -> More Settings" to "Off".


+---------------------------------------------------------------+
; Parameter Settings for User Entity Instance: debouncer:inst24 ;
+-----------------+------------+--------------------------------+
; Parameter Name  ; Value      ; Type                           ;
+-----------------+------------+--------------------------------+
; clock_frequency ; 50000000.0 ; Signed Float                   ;
; window_duration ; 0.1        ; Signed Float                   ;
; initial_level   ; '0'        ; Enumerated                     ;
+-----------------+------------+--------------------------------+
Note: In order to hide this table in the UI and the text report file, please set the "Show Parameter Settings in Synthesis Report" option in "Analysis and Synthesis Settings -> More Settings" to "Off".


+---------------------------------------------------------------+
; Parameter Settings for User Entity Instance: debouncer:inst25 ;
+-----------------+------------+--------------------------------+
; Parameter Name  ; Value      ; Type                           ;
+-----------------+------------+--------------------------------+
; clock_frequency ; 50000000.0 ; Signed Float                   ;
; window_duration ; 0.1        ; Signed Float                   ;
; initial_level   ; '0'        ; Enumerated                     ;
+-----------------+------------+--------------------------------+
Note: In order to hide this table in the UI and the text report file, please set the "Show Parameter Settings in Synthesis Report" option in "Analysis and Synthesis Settings -> More Settings" to "Off".


+------------------------------------------------------------------------------------+
; Parameter Settings for Inferred Entity Instance: BCDconvert:inst15|lpm_divide:Mod0 ;
+------------------------+----------------+------------------------------------------+
; Parameter Name         ; Value          ; Type                                     ;
+------------------------+----------------+------------------------------------------+
; LPM_WIDTHN             ; 5              ; Untyped                                  ;
; LPM_WIDTHD             ; 5              ; Untyped                                  ;
; LPM_NREPRESENTATION    ; UNSIGNED       ; Untyped                                  ;
; LPM_DREPRESENTATION    ; UNSIGNED       ; Untyped                                  ;
; LPM_PIPELINE           ; 0              ; Untyped                                  ;
; LPM_REMAINDERPOSITIVE  ; TRUE           ; Untyped                                  ;
; MAXIMIZE_SPEED         ; 5              ; Untyped                                  ;
; CBXI_PARAMETER         ; lpm_divide_k9m ; Untyped                                  ;
; CARRY_CHAIN            ; MANUAL         ; Untyped                                  ;
; OPTIMIZE_FOR_SPEED     ; 5              ; Untyped                                  ;
; AUTO_CARRY_CHAINS      ; ON             ; AUTO_CARRY                               ;
; IGNORE_CARRY_BUFFERS   ; OFF            ; IGNORE_CARRY                             ;
; AUTO_CASCADE_CHAINS    ; ON             ; AUTO_CASCADE                             ;
; IGNORE_CASCADE_BUFFERS ; OFF            ; IGNORE_CASCADE                           ;
+------------------------+----------------+------------------------------------------+
Note: In order to hide this table in the UI and the text report file, please set the "Show Parameter Settings in Synthesis Report" option in "Analysis and Synthesis Settings -> More Settings" to "Off".


+------------------------------------------------------------------------------------+
; Parameter Settings for Inferred Entity Instance: BCDconvert:inst15|lpm_divide:Div0 ;
+------------------------+----------------+------------------------------------------+
; Parameter Name         ; Value          ; Type                                     ;
+------------------------+----------------+------------------------------------------+
; LPM_WIDTHN             ; 5              ; Untyped                                  ;
; LPM_WIDTHD             ; 5              ; Untyped                                  ;
; LPM_NREPRESENTATION    ; UNSIGNED       ; Untyped                                  ;
; LPM_DREPRESENTATION    ; UNSIGNED       ; Untyped                                  ;
; LPM_PIPELINE           ; 0              ; Untyped                                  ;
; LPM_REMAINDERPOSITIVE  ; TRUE           ; Untyped                                  ;
; MAXIMIZE_SPEED         ; 5              ; Untyped                                  ;
; CBXI_PARAMETER         ; lpm_divide_hhm ; Untyped                                  ;
; CARRY_CHAIN            ; MANUAL         ; Untyped                                  ;
; OPTIMIZE_FOR_SPEED     ; 5              ; Untyped                                  ;
; AUTO_CARRY_CHAINS      ; ON             ; AUTO_CARRY                               ;
; IGNORE_CARRY_BUFFERS   ; OFF            ; IGNORE_CARRY                             ;
; AUTO_CASCADE_CHAINS    ; ON             ; AUTO_CASCADE                             ;
; IGNORE_CASCADE_BUFFERS ; OFF            ; IGNORE_CASCADE                           ;
+------------------------+----------------+------------------------------------------+
Note: In order to hide this table in the UI and the text report file, please set the "Show Parameter Settings in Synthesis Report" option in "Analysis and Synthesis Settings -> More Settings" to "Off".


+------------------------------------------------------------------------------------+
; Parameter Settings for Inferred Entity Instance: BCDconvert:inst16|lpm_divide:Mod0 ;
+------------------------+----------------+------------------------------------------+
; Parameter Name         ; Value          ; Type                                     ;
+------------------------+----------------+------------------------------------------+
; LPM_WIDTHN             ; 5              ; Untyped                                  ;
; LPM_WIDTHD             ; 5              ; Untyped                                  ;
; LPM_NREPRESENTATION    ; UNSIGNED       ; Untyped                                  ;
; LPM_DREPRESENTATION    ; UNSIGNED       ; Untyped                                  ;
; LPM_PIPELINE           ; 0              ; Untyped                                  ;
; LPM_REMAINDERPOSITIVE  ; TRUE           ; Untyped                                  ;
; MAXIMIZE_SPEED         ; 5              ; Untyped                                  ;
; CBXI_PARAMETER         ; lpm_divide_k9m ; Untyped                                  ;
; CARRY_CHAIN            ; MANUAL         ; Untyped                                  ;
; OPTIMIZE_FOR_SPEED     ; 5              ; Untyped                                  ;
; AUTO_CARRY_CHAINS      ; ON             ; AUTO_CARRY                               ;
; IGNORE_CARRY_BUFFERS   ; OFF            ; IGNORE_CARRY                             ;
; AUTO_CASCADE_CHAINS    ; ON             ; AUTO_CASCADE                             ;
; IGNORE_CASCADE_BUFFERS ; OFF            ; IGNORE_CASCADE                           ;
+------------------------+----------------+------------------------------------------+
Note: In order to hide this table in the UI and the text report file, please set the "Show Parameter Settings in Synthesis Report" option in "Analysis and Synthesis Settings -> More Settings" to "Off".


+------------------------------------------------------------------------------------+
; Parameter Settings for Inferred Entity Instance: BCDconvert:inst16|lpm_divide:Div0 ;
+------------------------+----------------+------------------------------------------+
; Parameter Name         ; Value          ; Type                                     ;
+------------------------+----------------+------------------------------------------+
; LPM_WIDTHN             ; 5              ; Untyped                                  ;
; LPM_WIDTHD             ; 5              ; Untyped                                  ;
; LPM_NREPRESENTATION    ; UNSIGNED       ; Untyped                                  ;
; LPM_DREPRESENTATION    ; UNSIGNED       ; Untyped                                  ;
; LPM_PIPELINE           ; 0              ; Untyped                                  ;
; LPM_REMAINDERPOSITIVE  ; TRUE           ; Untyped                                  ;
; MAXIMIZE_SPEED         ; 5              ; Untyped                                  ;
; CBXI_PARAMETER         ; lpm_divide_hhm ; Untyped                                  ;
; CARRY_CHAIN            ; MANUAL         ; Untyped                                  ;
; OPTIMIZE_FOR_SPEED     ; 5              ; Untyped                                  ;
; AUTO_CARRY_CHAINS      ; ON             ; AUTO_CARRY                               ;
; IGNORE_CARRY_BUFFERS   ; OFF            ; IGNORE_CARRY                             ;
; AUTO_CASCADE_CHAINS    ; ON             ; AUTO_CASCADE                             ;
; IGNORE_CASCADE_BUFFERS ; OFF            ; IGNORE_CASCADE                           ;
+------------------------+----------------+------------------------------------------+
Note: In order to hide this table in the UI and the text report file, please set the "Show Parameter Settings in Synthesis Report" option in "Analysis and Synthesis Settings -> More Settings" to "Off".


+------------------------------------------------------------+
; Port Connectivity Checks: "lcd_tl:inst2|lcd_controller:ca" ;
+-------+-------+----------+---------------------------------+
; Port  ; Type  ; Severity ; Details                         ;
+-------+-------+----------+---------------------------------+
; reset ; Input ; Info     ; Stuck at GND                    ;
+-------+-------+----------+---------------------------------+


+-----------------------------------------------------+
; Post-Synthesis Netlist Statistics for Top Partition ;
+-----------------------+-----------------------------+
; Type                  ; Count                       ;
+-----------------------+-----------------------------+
; boundary_port         ; 80                          ;
; cycloneiii_ff         ; 279                         ;
;     ENA               ; 64                          ;
;     ENA SCLR          ; 69                          ;
;     ENA SLD           ; 6                           ;
;     SCLR              ; 2                           ;
;     SLD               ; 92                          ;
;     plain             ; 46                          ;
; cycloneiii_io_obuf    ; 8                           ;
; cycloneiii_lcell_comb ; 774                         ;
;     arith             ; 349                         ;
;         2 data inputs ; 207                         ;
;         3 data inputs ; 142                         ;
;     normal            ; 425                         ;
;         0 data inputs ; 12                          ;
;         1 data inputs ; 40                          ;
;         2 data inputs ; 72                          ;
;         3 data inputs ; 67                          ;
;         4 data inputs ; 234                         ;
;                       ;                             ;
; Max LUT depth         ; 14.90                       ;
; Average LUT depth     ; 5.94                        ;
+-----------------------+-----------------------------+


+-------------------------------+
; Elapsed Time Per Partition    ;
+----------------+--------------+
; Partition Name ; Elapsed Time ;
+----------------+--------------+
; Top            ; 00:00:07     ;
+----------------+--------------+


+-------------------------------+
; Analysis & Synthesis Messages ;
+-------------------------------+
Info: *******************************************************************
Info: Running Quartus Prime Analysis & Synthesis
    Info: Version 15.1.1 Build 189 12/02/2015 SJ Lite Edition
    Info: Processing started: Sat Jun 03 00:31:33 2017
Info: Command: quartus_map --read_settings_files=on --write_settings_files=off Voleibol -c Voleibol
Info (20030): Parallel compilation is enabled and will use 4 of the 4 processors detected
Info (12021): Found 2 design units, including 1 entities, in source file counterjog.vhd
    Info (12022): Found design unit 1: CounterJog-Behavioral File: C:/LSD/LSDProjeto/CounterJog.vhd Line: 16
    Info (12023): Found entity 1: CounterJog File: C:/LSD/LSDProjeto/CounterJog.vhd Line: 5
Info (12021): Found 2 design units, including 1 entities, in source file seven_segment_decoder.vhd
    Info (12022): Found design unit 1: seven_segment_decoder-v1 File: C:/LSD/LSDProjeto/seven_segment_decoder.vhd Line: 38
    Info (12023): Found entity 1: seven_segment_decoder File: C:/LSD/LSDProjeto/seven_segment_decoder.vhd Line: 29
Info (12021): Found 2 design units, including 1 entities, in source file debouncer.vhd
    Info (12022): Found design unit 1: debouncer-v1 File: C:/LSD/LSDProjeto/debouncer.vhd Line: 32
    Info (12023): Found entity 1: debouncer File: C:/LSD/LSDProjeto/debouncer.vhd Line: 14
Info (12021): Found 2 design units, including 1 entities, in source file statemachine.vhd
    Info (12022): Found design unit 1: StateMachine-Behavioral File: C:/LSD/LSDProjeto/StateMachine.vhd Line: 19
    Info (12023): Found entity 1: StateMachine File: C:/LSD/LSDProjeto/StateMachine.vhd Line: 4
Info (12021): Found 1 design units, including 1 entities, in source file voleibol.bdf
    Info (12023): Found entity 1: Voleibol
Info (12021): Found 2 design units, including 1 entities, in source file setcounter.vhd
    Info (12022): Found design unit 1: SetCounter-Behavioral File: C:/LSD/LSDProjeto/SetCounter.vhd Line: 16
    Info (12023): Found entity 1: SetCounter File: C:/LSD/LSDProjeto/SetCounter.vhd Line: 5
Info (12021): Found 2 design units, including 1 entities, in source file bcdconvert.vhd
    Info (12022): Found design unit 1: BCDconvert-Behavioral File: C:/LSD/LSDProjeto/BCDconvert.vhd Line: 11
    Info (12023): Found entity 1: BCDconvert File: C:/LSD/LSDProjeto/BCDconvert.vhd Line: 5
Info (12021): Found 2 design units, including 1 entities, in source file displayset.vhd
    Info (12022): Found design unit 1: displaySet-Behavioral File: C:/LSD/LSDProjeto/displaySet.vhd Line: 13
    Info (12023): Found entity 1: displaySet File: C:/LSD/LSDProjeto/displaySet.vhd Line: 5
Info (12021): Found 2 design units, including 1 entities, in source file displaywinner.vhd
    Info (12022): Found design unit 1: displayWinner-Behavioral File: C:/LSD/LSDProjeto/displayWinner.vhd Line: 37
    Info (12023): Found entity 1: displayWinner File: C:/LSD/LSDProjeto/displayWinner.vhd Line: 5
Info (12021): Found 2 design units, including 1 entities, in source file lcd_tl.vhd
    Info (12022): Found design unit 1: lcd_tl-v1 File: C:/LSD/LSDProjeto/lcd_tl.vhd Line: 38
    Info (12023): Found entity 1: lcd_tl File: C:/LSD/LSDProjeto/lcd_tl.vhd Line: 18
Info (12021): Found 2 design units, including 1 entities, in source file lcd_controller.vhd
    Info (12022): Found design unit 1: lcd_controller-v1 File: C:/LSD/LSDProjeto/lcd_controller.vhd Line: 41
    Info (12023): Found entity 1: lcd_controller File: C:/LSD/LSDProjeto/lcd_controller.vhd Line: 18
Info (12021): Found 2 design units, including 1 entities, in source file testbench.vhd
    Info (12022): Found design unit 1: Testbench-Stimulus File: C:/LSD/LSDProjeto/Testbench.vhd Line: 23
    Info (12023): Found entity 1: Testbench File: C:/LSD/LSDProjeto/Testbench.vhd Line: 5
Info (12127): Elaborating entity "Voleibol" for the top level hierarchy
Info (12128): Elaborating entity "lcd_tl" for hierarchy "lcd_tl:inst2"
Info (12129): Elaborating entity "lcd_controller" using architecture "A:v1" for hierarchy "lcd_tl:inst2|lcd_controller:ca" File: C:/LSD/LSDProjeto/lcd_tl.vhd Line: 68
Info (12128): Elaborating entity "StateMachine" for hierarchy "StateMachine:inst"
Warning (10492): VHDL Process Statement warning at StateMachine.vhd(53): signal "internalReset" is read inside the Process Statement but isn't in the Process Statement's sensitivity list File: C:/LSD/LSDProjeto/StateMachine.vhd Line: 53
Warning (10492): VHDL Process Statement warning at StateMachine.vhd(65): signal "internalReset" is read inside the Process Statement but isn't in the Process Statement's sensitivity list File: C:/LSD/LSDProjeto/StateMachine.vhd Line: 65
Warning (10492): VHDL Process Statement warning at StateMachine.vhd(69): signal "winner" is read inside the Process Statement but isn't in the Process Statement's sensitivity list File: C:/LSD/LSDProjeto/StateMachine.vhd Line: 69
Warning (10492): VHDL Process Statement warning at StateMachine.vhd(87): signal "internalReset" is read inside the Process Statement but isn't in the Process Statement's sensitivity list File: C:/LSD/LSDProjeto/StateMachine.vhd Line: 87
Info (12128): Elaborating entity "debouncer" for hierarchy "debouncer:inst22"
Info (12128): Elaborating entity "displayWinner" for hierarchy "displayWinner:inst202"
Warning (10631): VHDL Process Statement warning at displayWinner.vhd(42): inferring latch(es) for signal or variable "numberX", which holds its previous value in one or more paths through the process File: C:/LSD/LSDProjeto/displayWinner.vhd Line: 42
Info (10041): Inferred latch for "numberX[0]" at displayWinner.vhd(42) File: C:/LSD/LSDProjeto/displayWinner.vhd Line: 42
Info (10041): Inferred latch for "numberX[1]" at displayWinner.vhd(42) File: C:/LSD/LSDProjeto/displayWinner.vhd Line: 42
Info (10041): Inferred latch for "numberX[2]" at displayWinner.vhd(42) File: C:/LSD/LSDProjeto/displayWinner.vhd Line: 42
Info (10041): Inferred latch for "numberX[3]" at displayWinner.vhd(42) File: C:/LSD/LSDProjeto/displayWinner.vhd Line: 42
Info (10041): Inferred latch for "numberX[4]" at displayWinner.vhd(42) File: C:/LSD/LSDProjeto/displayWinner.vhd Line: 42
Info (10041): Inferred latch for "numberX[5]" at displayWinner.vhd(42) File: C:/LSD/LSDProjeto/displayWinner.vhd Line: 42
Info (10041): Inferred latch for "numberX[6]" at displayWinner.vhd(42) File: C:/LSD/LSDProjeto/displayWinner.vhd Line: 42
Info (10041): Inferred latch for "numberX[7]" at displayWinner.vhd(42) File: C:/LSD/LSDProjeto/displayWinner.vhd Line: 42
Info (12128): Elaborating entity "SetCounter" for hierarchy "SetCounter:inst4"
Warning (10492): VHDL Process Statement warning at SetCounter.vhd(47): signal "s_set1" is read inside the Process Statement but isn't in the Process Statement's sensitivity list File: C:/LSD/LSDProjeto/SetCounter.vhd Line: 47
Warning (10492): VHDL Process Statement warning at SetCounter.vhd(48): signal "s_set2" is read inside the Process Statement but isn't in the Process Statement's sensitivity list File: C:/LSD/LSDProjeto/SetCounter.vhd Line: 48
Info (12128): Elaborating entity "CounterJog" for hierarchy "CounterJog:inst3"
Info (12128): Elaborating entity "seven_segment_decoder" for hierarchy "seven_segment_decoder:inst17"
Info (12128): Elaborating entity "displaySet" for hierarchy "displaySet:inst10"
Info (12128): Elaborating entity "BCDconvert" for hierarchy "BCDconvert:inst15"
Warning (12161): Node "lcd_tl:inst2|i2c_sdat" is stuck at GND because node is in wire loop and does not have a source File: C:/LSD/LSDProjeto/lcd_tl.vhd Line: 34
Warning (12161): Node "lcd_tl:inst2|i2c_sclk" is stuck at GND because node is in wire loop and does not have a source File: C:/LSD/LSDProjeto/lcd_tl.vhd Line: 33
Info (284007): State machine "|Voleibol|lcd_tl:inst2|lcd_controller:ca|state" will be implemented as a safe state machine. File: C:/LSD/LSDProjeto/lcd_controller.vhd Line: 69
Info (278001): Inferred 4 megafunctions from design logic
    Info (278004): Inferred divider/modulo megafunction ("lpm_divide") from the following logic: "BCDconvert:inst15|Mod0" File: C:/LSD/LSDProjeto/BCDconvert.vhd Line: 22
    Info (278004): Inferred divider/modulo megafunction ("lpm_divide") from the following logic: "BCDconvert:inst15|Div0" File: C:/LSD/LSDProjeto/BCDconvert.vhd Line: 20
    Info (278004): Inferred divider/modulo megafunction ("lpm_divide") from the following logic: "BCDconvert:inst16|Mod0" File: C:/LSD/LSDProjeto/BCDconvert.vhd Line: 22
    Info (278004): Inferred divider/modulo megafunction ("lpm_divide") from the following logic: "BCDconvert:inst16|Div0" File: C:/LSD/LSDProjeto/BCDconvert.vhd Line: 20
Info (12130): Elaborated megafunction instantiation "BCDconvert:inst15|lpm_divide:Mod0" File: C:/LSD/LSDProjeto/BCDconvert.vhd Line: 22
Info (12133): Instantiated megafunction "BCDconvert:inst15|lpm_divide:Mod0" with the following parameter: File: C:/LSD/LSDProjeto/BCDconvert.vhd Line: 22
    Info (12134): Parameter "LPM_WIDTHN" = "5"
    Info (12134): Parameter "LPM_WIDTHD" = "5"
    Info (12134): Parameter "LPM_NREPRESENTATION" = "UNSIGNED"
    Info (12134): Parameter "LPM_DREPRESENTATION" = "UNSIGNED"
Info (12021): Found 1 design units, including 1 entities, in source file db/lpm_divide_k9m.tdf
    Info (12023): Found entity 1: lpm_divide_k9m File: C:/LSD/LSDProjeto/db/lpm_divide_k9m.tdf Line: 25
Info (12021): Found 1 design units, including 1 entities, in source file db/sign_div_unsign_9kh.tdf
    Info (12023): Found entity 1: sign_div_unsign_9kh File: C:/LSD/LSDProjeto/db/sign_div_unsign_9kh.tdf Line: 25
Info (12021): Found 1 design units, including 1 entities, in source file db/alt_u_div_64f.tdf
    Info (12023): Found entity 1: alt_u_div_64f File: C:/LSD/LSDProjeto/db/alt_u_div_64f.tdf Line: 27
Info (12021): Found 1 design units, including 1 entities, in source file db/add_sub_7pc.tdf
    Info (12023): Found entity 1: add_sub_7pc File: C:/LSD/LSDProjeto/db/add_sub_7pc.tdf Line: 23
Info (12021): Found 1 design units, including 1 entities, in source file db/add_sub_8pc.tdf
    Info (12023): Found entity 1: add_sub_8pc File: C:/LSD/LSDProjeto/db/add_sub_8pc.tdf Line: 23
Info (12130): Elaborated megafunction instantiation "BCDconvert:inst15|lpm_divide:Div0" File: C:/LSD/LSDProjeto/BCDconvert.vhd Line: 20
Info (12133): Instantiated megafunction "BCDconvert:inst15|lpm_divide:Div0" with the following parameter: File: C:/LSD/LSDProjeto/BCDconvert.vhd Line: 20
    Info (12134): Parameter "LPM_WIDTHN" = "5"
    Info (12134): Parameter "LPM_WIDTHD" = "5"
    Info (12134): Parameter "LPM_NREPRESENTATION" = "UNSIGNED"
    Info (12134): Parameter "LPM_DREPRESENTATION" = "UNSIGNED"
Info (12021): Found 1 design units, including 1 entities, in source file db/lpm_divide_hhm.tdf
    Info (12023): Found entity 1: lpm_divide_hhm File: C:/LSD/LSDProjeto/db/lpm_divide_hhm.tdf Line: 25
Warning (13024): Output pins are stuck at VCC or GND
    Warning (13410): Pin "lcd_blon" is stuck at GND
    Warning (13410): Pin "i2c_sclk" is stuck at GND
    Warning (13410): Pin "i2c_sdat" is stuck at GND
    Warning (13410): Pin "HEX1[7]" is stuck at GND
    Warning (13410): Pin "HEX1[6]" is stuck at GND
    Warning (13410): Pin "HEX1[5]" is stuck at GND
    Warning (13410): Pin "HEX1[4]" is stuck at GND
    Warning (13410): Pin "HEX1[3]" is stuck at GND
    Warning (13410): Pin "HEX1[2]" is stuck at VCC
    Warning (13410): Pin "HEX1[1]" is stuck at VCC
    Warning (13410): Pin "HEX1[0]" is stuck at VCC
    Warning (13410): Pin "HEX2[7]" is stuck at GND
    Warning (13410): Pin "HEX2[6]" is stuck at GND
    Warning (13410): Pin "HEX2[5]" is stuck at GND
    Warning (13410): Pin "HEX2[4]" is stuck at GND
    Warning (13410): Pin "HEX2[3]" is stuck at GND
    Warning (13410): Pin "HEX2[2]" is stuck at VCC
    Warning (13410): Pin "HEX2[1]" is stuck at VCC
    Warning (13410): Pin "HEX2[0]" is stuck at GND
    Warning (13410): Pin "HEX3[7]" is stuck at GND
    Warning (13410): Pin "HEX3[6]" is stuck at GND
    Warning (13410): Pin "HEX3[5]" is stuck at GND
    Warning (13410): Pin "HEX3[4]" is stuck at VCC
    Warning (13410): Pin "HEX3[3]" is stuck at GND
    Warning (13410): Pin "HEX3[2]" is stuck at GND
    Warning (13410): Pin "HEX3[1]" is stuck at VCC
    Warning (13410): Pin "HEX3[0]" is stuck at GND
    Warning (13410): Pin "HEX5[1]" is stuck at GND
    Warning (13410): Pin "HEX7[1]" is stuck at GND
Info (286030): Timing-Driven Synthesis is running
Info (17049): 90 registers lost all their fanouts during netlist optimizations.
Info (16010): Generating hard_block partition "hard_block:auto_generated_inst"
    Info (16011): Adding 0 node(s), including 0 DDIO, 0 PLL, 0 transceiver and 0 LCELL
Info (21057): Implemented 855 device resources after synthesis - the final resource count might be different
    Info (21058): Implemented 6 input pins
    Info (21059): Implemented 74 output pins
    Info (21061): Implemented 775 logic cells
Info: Quartus Prime Analysis & Synthesis was successful. 0 errors, 39 warnings
    Info: Peak virtual memory: 871 megabytes
    Info: Processing ended: Sat Jun 03 00:31:56 2017
    Info: Elapsed time: 00:00:23
    Info: Total CPU time (on all processors): 00:00:35


